main.c:34:6:testtest	16	static
main.c:112:5:main	136	static
main.c:235:6:SystemClock_Config	96	static
main.c:291:6:PeriphCommonClock_Config	160	static
main.c:318:13:MX_ADC1_Init	32	static
main.c:399:13:MX_DFSDM1_Init	8	static
main.c:437:13:MX_I2C1_Init	8	static
main.c:483:13:MX_I2C2_Init	8	static
main.c:529:13:MX_OCTOSPI1_Init	32	static
main.c:577:13:MX_SPI3_Init	8	static
main.c:617:13:MX_TIM2_Init	64	static
main.c:688:13:MX_TIM3_Init	64	static
main.c:759:13:MX_USART1_UART_Init	8	static
main.c:807:13:MX_USART2_UART_Init	8	static
main.c:855:13:MX_USART3_UART_Init	8	static
main.c:903:13:MX_USB_OTG_FS_USB_Init	4	static
main.c:924:13:MX_GPIO_Init	56	static
main.c:1064:6:Error_Handler	4	static,ignoring_inline_asm
